$ git init
Initialized empty Git repository in C:/Users/Семён/Desktop/Eto Vtoroii/.git/

Семён@DESKTOP-K9NGK8M MINGW64 ~/Desktop/Eto Vtoroii (master)
$ git commit -m "first commit"
On branch master

Initial commit

Untracked files:
  (use "git add <file>..." to include in what will be committed)
        vtoroi.txt

nothing added to commit but untracked files present (use "git add" to track)

Семён@DESKTOP-K9NGK8M MINGW64 ~/Desktop/Eto Vtoroii (master)
$ git branch -M main

Семён@DESKTOP-K9NGK8M MINGW64 ~/Desktop/Eto Vtoroii (main)
$ git remote add origin https://github.com/SemenKK123/vtoroi.git

Семён@DESKTOP-K9NGK8M MINGW64 ~/Desktop/Eto Vtoroii (main)
$ git push -u origin main
error: src refspec main does not match any
error: failed to push some refs to 'https://github.com/SemenKK123/vtoroi.git'

Семён@DESKTOP-K9NGK8M MINGW64 ~/Desktop/Eto Vtoroii (main)
$ git branch

Семён@DESKTOP-K9NGK8M MINGW64 ~/Desktop/Eto Vtoroii (main)
$ пше ыефегы
bash: пше: command not found

Семён@DESKTOP-K9NGK8M MINGW64 ~/Desktop/Eto Vtoroii (main)
$ git status
On branch main

No commits yet

Untracked files:
  (use "git add <file>..." to include in what will be committed)
        vtoroi.txt

nothing added to commit but untracked files present (use "git add" to track)

Семён@DESKTOP-K9NGK8M MINGW64 ~/Desktop/Eto Vtoroii (main)
$ ^C

Семён@DESKTOP-K9NGK8M MINGW64 ~/Desktop/Eto Vtoroii (main)
$ git add .

Семён@DESKTOP-K9NGK8M MINGW64 ~/Desktop/Eto Vtoroii (main)
$ git commit -m "Pervii commit"
[main (root-commit) eefc911] Pervii commit
 1 file changed, 0 insertions(+), 0 deletions(-)
 create mode 100644 vtoroi.txt

Семён@DESKTOP-K9NGK8M MINGW64 ~/Desktop/Eto Vtoroii (main)
$ git push -u origin main
Enumerating objects: 3, done.
Counting objects: 100% (3/3), done.
Writing objects: 100% (3/3), 215 bytes | 215.00 KiB/s, done.
Total 3 (delta 0), reused 0 (delta 0), pack-reused 0 (from 0)
To https://github.com/SemenKK123/vtoroi.git
 * [new branch]      main -> main
branch 'main' set up to track 'origin/main'.

